В Stores до 150 есть лишний столбец "КДЦ_OLD (НЕ ИСПОЛЬЗОВАТЬ)"
В Stores 150 дублируеся
В Stores начиная с 150 нарушен принцип нумерации
В Stores начиная с 150 появляется сдвиг влево
В Stores до 150 перепутаны местами координаты
В Stores отсутствует точка #42, которая есть в таблице sales (Екатеринбург)

Были запрошены данные sales только по Уралу и Сибири по факту данные по всем регионам
В Sales (Новосибирск) неправильно выставлены даты недель
В Sales (Перьмь) столбец колличество равен 1 (ТТ 28, 37, 102, 250)
В Sales (Уфа) отсчет недель начинается с 31.12 а не с 01.01 2018

Для ТТ 274 указан период только с 07.10.2019
Для ТТ 271 указан период только с 15.07.2019
Для ТТ 269 указан период только с 01.07.2019
Для ТТ 267 указан период только с 22.04.2019
Для ТТ 258 указан период только с 31.12.2018
Для ТТ 256 указан период только с 06.08.2018
Для ТТ 253 указан период только с 14.05.2018
Для ТТ 250 указан период только с 29.01.2018
Для ТТ 111 указан период только с 31.12.2018

ТТ 155 закрылась раньше чем открылась
У ТТ 261 дублируются даты к примеру 30.12.2019
У 269 (Уфа) нет даты открытия

Из названия файла следует, что он должен охватыавать период с января 2018 по ноябрь 2019 по факту с января 2018 по январь 2020
